// Jest Snapshot v1, https://goo.gl/fbAQLP

exports[`basic.nav-menu basic usage 1`] = `"<style>nav-menu.shadow.css</style><div class="nav-menu-wrapper"><eo-menu-item title=""><eo-link style="width: 100%;"><span class="menu-item-label">菜单一</span></eo-link></eo-menu-item><eo-popover class="popover" trigger="hover" placement="bottom-start" distance="0" anchordisplay="block"><eo-menu-item class="sub-menu-item-label" slot="anchor" title=""><span class="menu-item-label">菜单二</span></eo-menu-item><div class="sub-menu-wrapper"><eo-menu-item title=""><eo-link style="width: 100%;"><span class="menu-item-label">菜单二-1</span></eo-link></eo-menu-item><div class="group-label">分组</div><div class="group-wrapper"><eo-menu-item title="" active=""><eo-link url="/oops" style="width: 100%;"><span class="menu-item-label">分组1</span></eo-link></eo-menu-item><eo-menu-item title=""><eo-link style="width: 100%;"><span class="menu-item-label">分组2</span></eo-link></eo-menu-item></div></div></eo-popover></div>"`;
